// Vitest Snapshot v1, https://vitest.dev/guide/snapshot.html

exports[`SubGenerator svelt of svelte JHipster blueprint > run > should succeed 1`] = `
{
  ".yo-rc.json": {
    "stateCleared": "modified",
  },
  "template-file-svelt": {
    "stateCleared": "modified",
  },
}
`;
