// Vitest Snapshot v1, https://vitest.dev/guide/snapshot.html

exports[`SubGenerator languages of svelte JHipster blueprint > run > should succeed 1`] = `
{
  ".yo-rc.json": {
    "stateCleared": "modified",
  },
  "src/main/resources/i18n/messages_en.properties": {
    "stateCleared": "modified",
  },
  "src/main/resources/i18n/messages_fr.properties": {
    "stateCleared": "modified",
  },
  "src/main/webapp/i18n/en/activate.json": {
    "stateCleared": "modified",
  },
  "src/main/webapp/i18n/en/configuration.json": {
    "stateCleared": "modified",
  },
  "src/main/webapp/i18n/en/error.json": {
    "stateCleared": "modified",
  },
  "src/main/webapp/i18n/en/global.json": {
    "stateCleared": "modified",
  },
  "src/main/webapp/i18n/en/health.json": {
    "stateCleared": "modified",
  },
  "src/main/webapp/i18n/en/home.json": {
    "stateCleared": "modified",
  },
  "src/main/webapp/i18n/en/login.json": {
    "stateCleared": "modified",
  },
  "src/main/webapp/i18n/en/logs.json": {
    "stateCleared": "modified",
  },
  "src/main/webapp/i18n/en/metrics.json": {
    "stateCleared": "modified",
  },
  "src/main/webapp/i18n/en/password.json": {
    "stateCleared": "modified",
  },
  "src/main/webapp/i18n/en/register.json": {
    "stateCleared": "modified",
  },
  "src/main/webapp/i18n/en/reset.json": {
    "stateCleared": "modified",
  },
  "src/main/webapp/i18n/en/sessions.json": {
    "stateCleared": "modified",
  },
  "src/main/webapp/i18n/en/settings.json": {
    "stateCleared": "modified",
  },
  "src/main/webapp/i18n/en/user-management.json": {
    "stateCleared": "modified",
  },
  "src/main/webapp/i18n/fr/activate.json": {
    "stateCleared": "modified",
  },
  "src/main/webapp/i18n/fr/configuration.json": {
    "stateCleared": "modified",
  },
  "src/main/webapp/i18n/fr/error.json": {
    "stateCleared": "modified",
  },
  "src/main/webapp/i18n/fr/global.json": {
    "stateCleared": "modified",
  },
  "src/main/webapp/i18n/fr/health.json": {
    "stateCleared": "modified",
  },
  "src/main/webapp/i18n/fr/home.json": {
    "stateCleared": "modified",
  },
  "src/main/webapp/i18n/fr/login.json": {
    "stateCleared": "modified",
  },
  "src/main/webapp/i18n/fr/logs.json": {
    "stateCleared": "modified",
  },
  "src/main/webapp/i18n/fr/metrics.json": {
    "stateCleared": "modified",
  },
  "src/main/webapp/i18n/fr/password.json": {
    "stateCleared": "modified",
  },
  "src/main/webapp/i18n/fr/register.json": {
    "stateCleared": "modified",
  },
  "src/main/webapp/i18n/fr/reset.json": {
    "stateCleared": "modified",
  },
  "src/main/webapp/i18n/fr/sessions.json": {
    "stateCleared": "modified",
  },
  "src/main/webapp/i18n/fr/settings.json": {
    "stateCleared": "modified",
  },
  "src/main/webapp/i18n/fr/user-management.json": {
    "stateCleared": "modified",
  },
  "src/test/resources/i18n/messages_en.properties": {
    "stateCleared": "modified",
  },
  "src/test/resources/i18n/messages_fr.properties": {
    "stateCleared": "modified",
  },
}
`;
